Archive member included to satisfy reference by file (symbol)

c:/st/stm32cubeide_1.0.0/stm32cubeide/plugins/com.st.stm32cube.ide.mcu.externaltools.gnu-tools-for-stm32.7-2018-q2-update.win32_1.4.0.202007081208/tools/bin/../lib/gcc/arm-none-eabi/7.3.1/../../../../arm-none-eabi/lib/thumb/v7-m\libc_nano.a(lib_a-errno.o)
                              Core/Src/syscalls.o (__errno)
c:/st/stm32cubeide_1.0.0/stm32cubeide/plugins/com.st.stm32cube.ide.mcu.externaltools.gnu-tools-for-stm32.7-2018-q2-update.win32_1.4.0.202007081208/tools/bin/../lib/gcc/arm-none-eabi/7.3.1/../../../../arm-none-eabi/lib/thumb/v7-m\libc_nano.a(lib_a-exit.o)
                              c:/st/stm32cubeide_1.0.0/stm32cubeide/plugins/com.st.stm32cube.ide.mcu.externaltools.gnu-tools-for-stm32.7-2018-q2-update.win32_1.4.0.202007081208/tools/bin/../lib/gcc/arm-none-eabi/7.3.1/../../../../arm-none-eabi/lib/thumb/v7-m/crt0.o (exit)
c:/st/stm32cubeide_1.0.0/stm32cubeide/plugins/com.st.stm32cube.ide.mcu.externaltools.gnu-tools-for-stm32.7-2018-q2-update.win32_1.4.0.202007081208/tools/bin/../lib/gcc/arm-none-eabi/7.3.1/../../../../arm-none-eabi/lib/thumb/v7-m\libc_nano.a(lib_a-impure.o)
                              c:/st/stm32cubeide_1.0.0/stm32cubeide/plugins/com.st.stm32cube.ide.mcu.externaltools.gnu-tools-for-stm32.7-2018-q2-update.win32_1.4.0.202007081208/tools/bin/../lib/gcc/arm-none-eabi/7.3.1/../../../../arm-none-eabi/lib/thumb/v7-m\libc_nano.a(lib_a-exit.o) (_global_impure_ptr)
c:/st/stm32cubeide_1.0.0/stm32cubeide/plugins/com.st.stm32cube.ide.mcu.externaltools.gnu-tools-for-stm32.7-2018-q2-update.win32_1.4.0.202007081208/tools/bin/../lib/gcc/arm-none-eabi/7.3.1/../../../../arm-none-eabi/lib/thumb/v7-m\libc_nano.a(lib_a-init.o)
                              c:/st/stm32cubeide_1.0.0/stm32cubeide/plugins/com.st.stm32cube.ide.mcu.externaltools.gnu-tools-for-stm32.7-2018-q2-update.win32_1.4.0.202007081208/tools/bin/../lib/gcc/arm-none-eabi/7.3.1/../../../../arm-none-eabi/lib/thumb/v7-m/crt0.o (__libc_init_array)
c:/st/stm32cubeide_1.0.0/stm32cubeide/plugins/com.st.stm32cube.ide.mcu.externaltools.gnu-tools-for-stm32.7-2018-q2-update.win32_1.4.0.202007081208/tools/bin/../lib/gcc/arm-none-eabi/7.3.1/../../../../arm-none-eabi/lib/thumb/v7-m\libc_nano.a(lib_a-memset.o)
                              c:/st/stm32cubeide_1.0.0/stm32cubeide/plugins/com.st.stm32cube.ide.mcu.externaltools.gnu-tools-for-stm32.7-2018-q2-update.win32_1.4.0.202007081208/tools/bin/../lib/gcc/arm-none-eabi/7.3.1/../../../../arm-none-eabi/lib/thumb/v7-m/crt0.o (memset)

Allocating common symbols
Common symbol       size              file

hdma_tim4_ch2       0x44              Core/Src/main.o
Right               0x1000            Core/Src/main.o
htim4               0x48              Core/Src/main.o
uwTick              0x4               Drivers/STM32F1xx_HAL_Driver/Src/stm32f1xx_hal.o
pFlash              0x20              Drivers/STM32F1xx_HAL_Driver/Src/stm32f1xx_hal_flash.o
Left                0x1000            Core/Src/main.o
hdma_usart1_rx      0x44              Core/Src/main.o
huart1              0x44              Core/Src/main.o
headerInfo          0x30              Core/Src/main.o
Wave                0x2000            Core/Src/main.o
htim2               0x48              Core/Src/main.o
hdma_tim4_ch1       0x44              Core/Src/main.o
WaveHeaderbuff      0x2e              Core/Src/main.o

Discarded input sections

 .text          0x0000000000000000        0x0 c:/st/stm32cubeide_1.0.0/stm32cubeide/plugins/com.st.stm32cube.ide.mcu.externaltools.gnu-tools-for-stm32.7-2018-q2-update.win32_1.4.0.202007081208/tools/bin/../lib/gcc/arm-none-eabi/7.3.1/thumb/v7-m/crti.o
 .data          0x0000000000000000        0x0 c:/st/stm32cubeide_1.0.0/stm32cubeide/plugins/com.st.stm32cube.ide.mcu.externaltools.gnu-tools-for-stm32.7-2018-q2-update.win32_1.4.0.202007081208/tools/bin/../lib/gcc/arm-none-eabi/7.3.1/thumb/v7-m/crti.o
 .bss           0x0000000000000000        0x0 c:/st/stm32cubeide_1.0.0/stm32cubeide/plugins/com.st.stm32cube.ide.mcu.externaltools.gnu-tools-for-stm32.7-2018-q2-update.win32_1.4.0.202007081208/tools/bin/../lib/gcc/arm-none-eabi/7.3.1/thumb/v7-m/crti.o
 .data          0x0000000000000000        0x4 c:/st/stm32cubeide_1.0.0/stm32cubeide/plugins/com.st.stm32cube.ide.mcu.externaltools.gnu-tools-for-stm32.7-2018-q2-update.win32_1.4.0.202007081208/tools/bin/../lib/gcc/arm-none-eabi/7.3.1/thumb/v7-m/crtbegin.o
 .text          0x0000000000000000       0x74 c:/st/stm32cubeide_1.0.0/stm32cubeide/plugins/com.st.stm32cube.ide.mcu.externaltools.gnu-tools-for-stm32.7-2018-q2-update.win32_1.4.0.202007081208/tools/bin/../lib/gcc/arm-none-eabi/7.3.1/../../../../arm-none-eabi/lib/thumb/v7-m/crt0.o
 .data          0x0000000000000000        0x0 c:/st/stm32cubeide_1.0.0/stm32cubeide/plugins/com.st.stm32cube.ide.mcu.externaltools.gnu-tools-for-stm32.7-2018-q2-update.win32_1.4.0.202007081208/tools/bin/../lib/gcc/arm-none-eabi/7.3.1/../../../../arm-none-eabi/lib/thumb/v7-m/crt0.o
[...]
Memory Configuration

Name             Origin             Length             Attributes
RAM              0x0000000020000000 0x0000000000005000 xrw
FLASH            0x0000000008000000 0x0000000000010000 xr
*default*        0x0000000000000000 0xffffffffffffffff

Linker script and memory map

LOAD c:/st/stm32cubeide_1.0.0/stm32cubeide/plugins/com.st.stm32cube.ide.mcu.externaltools.gnu-tools-for-stm32.7-2018-q2-update.win32_1.4.0.202007081208/tools/bin/../lib/gcc/arm-none-eabi/7.3.1/thumb/v7-m/crti.o
LOAD c:/st/stm32cubeide_1.0.0/stm32cubeide/plugins/com.st.stm32cube.ide.mcu.externaltools.gnu-tools-for-stm32.7-2018-q2-update.win32_1.4.0.202007081208/tools/bin/../lib/gcc/arm-none-eabi/7.3.1/thumb/v7-m/crtbegin.o
LOAD c:/st/stm32cubeide_1.0.0/stm32cubeide/plugins/com.st.stm32cube.ide.mcu.externaltools.gnu-tools-for-stm32.7-2018-q2-update.win32_1.4.0.202007081208/tools/bin/../lib/gcc/arm-none-eabi/7.3.1/../../../../arm-none-eabi/lib/thumb/v7-m/crt0.o
LOAD Core/Src/main.o
LOAD Core/Src/stm32f1xx_hal_msp.o
LOAD Core/Src/stm32f1xx_it.o
LOAD Core/Src/syscalls.o
LOAD Core/Src/sysmem.o
LOAD Core/Src/system_stm32f1xx.o
LOAD Core/Src/task.o
LOAD Core/Startup/startup_stm32f103c8tx.o
LOAD Drivers/STM32F1xx_HAL_Driver/Src/stm32f1xx_hal.o
LOAD Drivers/STM32F1xx_HAL_Driver/Src/stm32f1xx_hal_cortex.o
LOAD Drivers/STM32F1xx_HAL_Driver/Src/stm32f1xx_hal_dma.o
LOAD Drivers/STM32F1xx_HAL_Driver/Src/stm32f1xx_hal_exti.o
LOAD Drivers/STM32F1xx_HAL_Driver/Src/stm32f1xx_hal_flash.o
LOAD Drivers/STM32F1xx_HAL_Driver/Src/stm32f1xx_hal_flash_ex.o
LOAD Drivers/STM32F1xx_HAL_Driver/Src/stm32f1xx_hal_gpio.o
LOAD Drivers/STM32F1xx_HAL_Driver/Src/stm32f1xx_hal_gpio_ex.o
LOAD Drivers/STM32F1xx_HAL_Driver/Src/stm32f1xx_hal_pwr.o
LOAD Drivers/STM32F1xx_HAL_Driver/Src/stm32f1xx_hal_rcc.o
LOAD Drivers/STM32F1xx_HAL_Driver/Src/stm32f1xx_hal_rcc_ex.o
LOAD Drivers/STM32F1xx_HAL_Driver/Src/stm32f1xx_hal_tim.o
LOAD Drivers/STM32F1xx_HAL_Driver/Src/stm32f1xx_hal_tim_ex.o
LOAD Drivers/STM32F1xx_HAL_Driver/Src/stm32f1xx_hal_uart.o
START GROUP
LOAD c:/st/stm32cubeide_1.0.0/stm32cubeide/plugins/com.st.stm32cube.ide.mcu.externaltools.gnu-tools-for-stm32.7-2018-q2-update.win32_1.4.0.202007081208/tools/bin/../lib/gcc/arm-none-eabi/7.3.1/../../../../arm-none-eabi/lib/thumb/v7-m\libc_nano.a
LOAD c:/st/stm32cubeide_1.0.0/stm32cubeide/plugins/com.st.stm32cube.ide.mcu.externaltools.gnu-tools-for-stm32.7-2018-q2-update.win32_1.4.0.202007081208/tools/bin/../lib/gcc/arm-none-eabi/7.3.1/../../../../arm-none-eabi/lib/thumb/v7-m\libm.a
END GROUP
START GROUP
LOAD c:/st/stm32cubeide_1.0.0/stm32cubeide/plugins/com.st.stm32cube.ide.mcu.externaltools.gnu-tools-for-stm32.7-2018-q2-update.win32_1.4.0.202007081208/tools/bin/../lib/gcc/arm-none-eabi/7.3.1/thumb/v7-m\libgcc.a
LOAD c:/st/stm32cubeide_1.0.0/stm32cubeide/plugins/com.st.stm32cube.ide.mcu.externaltools.gnu-tools-for-stm32.7-2018-q2-update.win32_1.4.0.202007081208/tools/bin/../lib/gcc/arm-none-eabi/7.3.1/../../../../arm-none-eabi/lib/thumb/v7-m\libc_nano.a
END GROUP
START GROUP
LOAD c:/st/stm32cubeide_1.0.0/stm32cubeide/plugins/com.st.stm32cube.ide.mcu.externaltools.gnu-tools-for-stm32.7-2018-q2-update.win32_1.4.0.202007081208/tools/bin/../lib/gcc/arm-none-eabi/7.3.1/thumb/v7-m\libgcc.a
LOAD c:/st/stm32cubeide_1.0.0/stm32cubeide/plugins/com.st.stm32cube.ide.mcu.externaltools.gnu-tools-for-stm32.7-2018-q2-update.win32_1.4.0.202007081208/tools/bin/../lib/gcc/arm-none-eabi/7.3.1/../../../../arm-none-eabi/lib/thumb/v7-m\libc_nano.a
LOAD c:/st/stm32cubeide_1.0.0/stm32cubeide/plugins/com.st.stm32cube.ide.mcu.externaltools.gnu-tools-for-stm32.7-2018-q2-update.win32_1.4.0.202007081208/tools/bin/../lib/gcc/arm-none-eabi/7.3.1/../../../../arm-none-eabi/lib/thumb/v7-m\libnosys.a
END GROUP
START GROUP
LOAD c:/st/stm32cubeide_1.0.0/stm32cubeide/plugins/com.st.stm32cube.ide.mcu.externaltools.gnu-tools-for-stm32.7-2018-q2-update.win32_1.4.0.202007081208/tools/bin/../lib/gcc/arm-none-eabi/7.3.1/thumb/v7-m\libgcc.a
LOAD c:/st/stm32cubeide_1.0.0/stm32cubeide/plugins/com.st.stm32cube.ide.mcu.externaltools.gnu-tools-for-stm32.7-2018-q2-update.win32_1.4.0.202007081208/tools/bin/../lib/gcc/arm-none-eabi/7.3.1/../../../../arm-none-eabi/lib/thumb/v7-m\libc_nano.a
LOAD c:/st/stm32cubeide_1.0.0/stm32cubeide/plugins/com.st.stm32cube.ide.mcu.externaltools.gnu-tools-for-stm32.7-2018-q2-update.win32_1.4.0.202007081208/tools/bin/../lib/gcc/arm-none-eabi/7.3.1/../../../../arm-none-eabi/lib/thumb/v7-m\libnosys.a
END GROUP
LOAD c:/st/stm32cubeide_1.0.0/stm32cubeide/plugins/com.st.stm32cube.ide.mcu.externaltools.gnu-tools-for-stm32.7-2018-q2-update.win32_1.4.0.202007081208/tools/bin/../lib/gcc/arm-none-eabi/7.3.1/thumb/v7-m/crtend.o
LOAD c:/st/stm32cubeide_1.0.0/stm32cubeide/plugins/com.st.stm32cube.ide.mcu.externaltools.gnu-tools-for-stm32.7-2018-q2-update.win32_1.4.0.202007081208/tools/bin/../lib/gcc/arm-none-eabi/7.3.1/thumb/v7-m/crtn.o
                0x0000000020005000                _estack = (ORIGIN (RAM) + LENGTH (RAM))
                0x0000000000000200                _Min_Heap_Size = 0x200
                0x0000000000000400                _Min_Stack_Size = 0x400

.isr_vector     0x0000000008000000      0x10c
                0x0000000008000000                . = ALIGN (0x4)
 *(.isr_vector)
 .isr_vector    0x0000000008000000      0x10c Core/Startup/startup_stm32f103c8tx.o
                0x0000000008000000                g_pfnVectors
                0x000000000800010c                . = ALIGN (0x4)

.text           0x000000000800010c     0x3ffc
                0x000000000800010c                . = ALIGN (0x4)
 *(.text)
 .text          0x000000000800010c       0x40 c:/st/stm32cubeide_1.0.0/stm32cubeide/plugins/com.st.stm32cube.ide.mcu.externaltools.gnu-tools-for-stm32.7-2018-q2-update.win32_1.4.0.202007081208/tools/bin/../lib/gcc/arm-none-eabi/7.3.1/thumb/v7-m/crtbegin.o
 *(.text*)
 .text.MyEvent1
                0x000000000800014c      0x160 Core/Src/main.o
                0x000000000800014c                MyEvent1
 .text.MyEvent2
                0x00000000080002ac       0x12 Core/Src/main.o
                0x00000000080002ac                MyEvent2
 *fill*         0x00000000080002be        0x2 
 .text.MyEvent3
                0x00000000080002c0       0xa4 Core/Src/main.o
                0x00000000080002c0                MyEvent3
 .text.Stop     0x0000000008000364       0x6c Core/Src/main.o
                0x0000000008000364                Stop
 .text.play     0x00000000080003d0      0x1d8 Core/Src/main.o
                0x00000000080003d0                play
 .text.pause    0x00000000080005a8       0x34 Core/Src/main.o
                0x00000000080005a8                pause
 .text.Next     0x00000000080005dc       0xa8 Core/Src/main.o
                0x00000000080005dc                Next
 .text.Preview  0x0000000008000684       0xa8 Core/Src/main.o
                0x0000000008000684                Preview
 .text.clearBuff
                0x000000000800072c       0x4c Core/Src/main.o
                0x000000000800072c                clearBuff
 .text.GetHeaderInfo
                0x0000000008000778       0x84 Core/Src/main.o
                0x0000000008000778                GetHeaderInfo
 .text.main     0x00000000080007fc      0x1b4 Core/Src/main.o
                0x00000000080007fc                main
 .text.SystemClock_Config
                0x00000000080009b0       0x8a Core/Src/main.o
                0x00000000080009b0                SystemClock_Config
 *fill*         0x0000000008000a3a        0x2 
 .text.MX_TIM2_Init
                0x0000000008000a3c       0xc8 Core/Src/main.o
 .text.MX_TIM4_Init
                0x0000000008000b04       0xfc Core/Src/main.o
 .text.MX_USART1_UART_Init
                0x0000000008000c00       0x54 Core/Src/main.o
 .text.MX_DMA_Init
                0x0000000008000c54       0x5c Core/Src/main.o
 .text.MX_GPIO_Init
                0x0000000008000cb0       0xa4 Core/Src/main.o
 .text.Error_Handler
                0x0000000008000d54        0xc Core/Src/main.o
                0x0000000008000d54                Error_Handler
 .text.HAL_MspInit
                0x0000000008000d60       0x64 Core/Src/stm32f1xx_hal_msp.o
                0x0000000008000d60                HAL_MspInit
 .text.HAL_TIM_PWM_MspInit
                0x0000000008000dc4       0x38 Core/Src/stm32f1xx_hal_msp.o
                0x0000000008000dc4                HAL_TIM_PWM_MspInit
 .text.HAL_TIM_Base_MspInit
                0x0000000008000dfc       0xec Core/Src/stm32f1xx_hal_msp.o
                0x0000000008000dfc                HAL_TIM_Base_MspInit
 .text.HAL_TIM_MspPostInit
                0x0000000008000ee8       0x60 Core/Src/stm32f1xx_hal_msp.o
                0x0000000008000ee8                HAL_TIM_MspPostInit
 .text.HAL_UART_MspInit
                0x0000000008000f48      0x100 Core/Src/stm32f1xx_hal_msp.o
                0x0000000008000f48                HAL_UART_MspInit
 .text.NMI_Handler
                0x0000000008001048        0xc Core/Src/stm32f1xx_it.o
                0x0000000008001048                NMI_Handler
 .text.HardFault_Handler
                0x0000000008001054        0x6 Core/Src/stm32f1xx_it.o
                0x0000000008001054                HardFault_Handler
 .text.MemManage_Handler
                0x000000000800105a        0x6 Core/Src/stm32f1xx_it.o
                0x000000000800105a                MemManage_Handler
 .text.BusFault_Handler
                0x0000000008001060        0x6 Core/Src/stm32f1xx_it.o
                0x0000000008001060                BusFault_Handler
 .text.UsageFault_Handler
                0x0000000008001066        0x6 Core/Src/stm32f1xx_it.o
                0x0000000008001066                UsageFault_Handler
 .text.SVC_Handler
                0x000000000800106c        0xc Core/Src/stm32f1xx_it.o
                0x000000000800106c                SVC_Handler
 .text.DebugMon_Handler
                0x0000000008001078        0xc Core/Src/stm32f1xx_it.o
                0x0000000008001078                DebugMon_Handler
 .text.PendSV_Handler
                0x0000000008001084        0xc Core/Src/stm32f1xx_it.o
                0x0000000008001084                PendSV_Handler
 .text.SysTick_Handler
                0x0000000008001090        0xc Core/Src/stm32f1xx_it.o
                0x0000000008001090                SysTick_Handler
 .text.DMA1_Channel1_IRQHandler
                0x000000000800109c       0x14 Core/Src/stm32f1xx_it.o
                0x000000000800109c                DMA1_Channel1_IRQHandler
 .text.DMA1_Channel4_IRQHandler
                0x00000000080010b0       0x14 Core/Src/stm32f1xx_it.o
                0x00000000080010b0                DMA1_Channel4_IRQHandler
 .text.DMA1_Channel5_IRQHandler
                0x00000000080010c4       0x14 Core/Src/stm32f1xx_it.o
                0x00000000080010c4                DMA1_Channel5_IRQHandler
 .text.USART1_IRQHandler
                0x00000000080010d8       0x14 Core/Src/stm32f1xx_it.o
                0x00000000080010d8                USART1_IRQHandler
 .text.SystemInit
                0x00000000080010ec        0xc Core/Src/system_stm32f1xx.o
                0x00000000080010ec                SystemInit
 .text.HAL_UART_TxCpltCallback
                0x00000000080010f8       0x12 Core/Src/task.o
                0x00000000080010f8                HAL_UART_TxCpltCallback
 .text.HAL_UART_RxCpltCallback
                0x000000000800110a       0x12 Core/Src/task.o
                0x000000000800110a                HAL_UART_RxCpltCallback
 .text.HAL_UART_ErrorCallback
                0x000000000800111c       0x12 Core/Src/task.o
                0x000000000800111c                HAL_UART_ErrorCallback
 *fill*         0x000000000800112e        0x2 
 .text.Reset_Handler
                0x0000000008001130       0x48 Core/Startup/startup_stm32f103c8tx.o
                0x0000000008001130                Reset_Handler
 .text.Default_Handler
                0x0000000008001178        0x2 Core/Startup/startup_stm32f103c8tx.o
                0x0000000008001178                RTC_Alarm_IRQHandler
                0x0000000008001178                EXTI2_IRQHandler
                0x0000000008001178                TIM1_CC_IRQHandler
                0x0000000008001178                PVD_IRQHandler
                0x0000000008001178                EXTI3_IRQHandler
                0x0000000008001178                EXTI0_IRQHandler
                0x0000000008001178                I2C2_EV_IRQHandler
                0x0000000008001178                ADC1_2_IRQHandler
                0x0000000008001178                SPI1_IRQHandler
                0x0000000008001178                TAMPER_IRQHandler
                0x0000000008001178                USART3_IRQHandler
                0x0000000008001178                RTC_IRQHandler
                0x0000000008001178                DMA1_Channel7_IRQHandler
                0x0000000008001178                CAN1_RX1_IRQHandler
                0x0000000008001178                TIM4_IRQHandler
                0x0000000008001178                I2C1_EV_IRQHandler
                0x0000000008001178                DMA1_Channel6_IRQHandler
                0x0000000008001178                TIM3_IRQHandler
                0x0000000008001178                RCC_IRQHandler
                0x0000000008001178                TIM1_TRG_COM_IRQHandler
                0x0000000008001178                Default_Handler
                0x0000000008001178                EXTI15_10_IRQHandler
                0x0000000008001178                EXTI9_5_IRQHandler
                0x0000000008001178                SPI2_IRQHandler
                0x0000000008001178                EXTI4_IRQHandler
                0x0000000008001178                USB_LP_CAN1_RX0_IRQHandler
                0x0000000008001178                USB_HP_CAN1_TX_IRQHandler
                0x0000000008001178                DMA1_Channel3_IRQHandler
                0x0000000008001178                TIM1_UP_IRQHandler
                0x0000000008001178                WWDG_IRQHandler
                0x0000000008001178                TIM2_IRQHandler
                0x0000000008001178                TIM1_BRK_IRQHandler
                0x0000000008001178                EXTI1_IRQHandler
                0x0000000008001178                USART2_IRQHandler
                0x0000000008001178                I2C2_ER_IRQHandler
                0x0000000008001178                DMA1_Channel2_IRQHandler
                0x0000000008001178                CAN1_SCE_IRQHandler
                0x0000000008001178                FLASH_IRQHandler
                0x0000000008001178                I2C1_ER_IRQHandler
                0x0000000008001178                USBWakeUp_IRQHandler
 *fill*         0x000000000800117a        0x2 
 .text.HAL_Init
                0x000000000800117c       0x2c Drivers/STM32F1xx_HAL_Driver/Src/stm32f1xx_hal.o
                0x000000000800117c                HAL_Init
 .text.HAL_InitTick
                0x00000000080011a8       0x60 Drivers/STM32F1xx_HAL_Driver/Src/stm32f1xx_hal.o
                0x00000000080011a8                HAL_InitTick
 .text.HAL_IncTick
                0x0000000008001208       0x24 Drivers/STM32F1xx_HAL_Driver/Src/stm32f1xx_hal.o
                0x0000000008001208                HAL_IncTick
 .text.HAL_GetTick
                0x000000000800122c       0x14 Drivers/STM32F1xx_HAL_Driver/Src/stm32f1xx_hal.o
                0x000000000800122c                HAL_GetTick
 .text.HAL_Delay
                0x0000000008001240       0x44 Drivers/STM32F1xx_HAL_Driver/Src/stm32f1xx_hal.o
                0x0000000008001240                HAL_Delay
 .text.__NVIC_SetPriorityGrouping
                0x0000000008001284       0x48 Drivers/STM32F1xx_HAL_Driver/Src/stm32f1xx_hal_cortex.o
 .text.__NVIC_GetPriorityGrouping
                0x00000000080012cc       0x1c Drivers/STM32F1xx_HAL_Driver/Src/stm32f1xx_hal_cortex.o
 .text.__NVIC_EnableIRQ
                0x00000000080012e8       0x38 Drivers/STM32F1xx_HAL_Driver/Src/stm32f1xx_hal_cortex.o
 .text.__NVIC_SetPriority
                0x0000000008001320       0x54 Drivers/STM32F1xx_HAL_Driver/Src/stm32f1xx_hal_cortex.o
 .text.NVIC_EncodePriority
                0x0000000008001374       0x64 Drivers/STM32F1xx_HAL_Driver/Src/stm32f1xx_hal_cortex.o
 .text.SysTick_Config
                0x00000000080013d8       0x44 Drivers/STM32F1xx_HAL_Driver/Src/stm32f1xx_hal_cortex.o
 .text.HAL_NVIC_SetPriorityGrouping
                0x000000000800141c       0x16 Drivers/STM32F1xx_HAL_Driver/Src/stm32f1xx_hal_cortex.o
                0x000000000800141c                HAL_NVIC_SetPriorityGrouping
 .text.HAL_NVIC_SetPriority
                0x0000000008001432       0x38 Drivers/STM32F1xx_HAL_Driver/Src/stm32f1xx_hal_cortex.o
                0x0000000008001432                HAL_NVIC_SetPriority
 .text.HAL_NVIC_EnableIRQ
                0x000000000800146a       0x1c Drivers/STM32F1xx_HAL_Driver/Src/stm32f1xx_hal_cortex.o
                0x000000000800146a                HAL_NVIC_EnableIRQ
 .text.HAL_SYSTICK_Config
                0x0000000008001486       0x18 Drivers/STM32F1xx_HAL_Driver/Src/stm32f1xx_hal_cortex.o
                0x0000000008001486                HAL_SYSTICK_Config
 *fill*         0x000000000800149e        0x2 
 .text.HAL_DMA_Init
                0x00000000080014a0       0xb4 Drivers/STM32F1xx_HAL_Driver/Src/stm32f1xx_hal_dma.o
                0x00000000080014a0                HAL_DMA_Init
 .text.HAL_DMA_Start_IT
                0x0000000008001554       0xbe Drivers/STM32F1xx_HAL_Driver/Src/stm32f1xx_hal_dma.o
                0x0000000008001554                HAL_DMA_Start_IT
 .text.HAL_DMA_Abort
                0x0000000008001612       0x74 Drivers/STM32F1xx_HAL_Driver/Src/stm32f1xx_hal_dma.o
                0x0000000008001612                HAL_DMA_Abort
 *fill*         0x0000000008001686        0x2 
 .text.HAL_DMA_Abort_IT
                0x0000000008001688       0xec Drivers/STM32F1xx_HAL_Driver/Src/stm32f1xx_hal_dma.o
                0x0000000008001688                HAL_DMA_Abort_IT
 .text.HAL_DMA_IRQHandler
                0x0000000008001774      0x20c Drivers/STM32F1xx_HAL_Driver/Src/stm32f1xx_hal_dma.o
                0x0000000008001774                HAL_DMA_IRQHandler
 .text.HAL_DMA_RegisterCallback
                0x0000000008001980       0x90 Drivers/STM32F1xx_HAL_Driver/Src/stm32f1xx_hal_dma.o
                0x0000000008001980                HAL_DMA_RegisterCallback
 .text.DMA_SetConfig
                0x0000000008001a10       0x5a Drivers/STM32F1xx_HAL_Driver/Src/stm32f1xx_hal_dma.o
 *fill*         0x0000000008001a6a        0x2 
 .text.HAL_GPIO_Init
                0x0000000008001a6c      0x2b4 Drivers/STM32F1xx_HAL_Driver/Src/stm32f1xx_hal_gpio.o
                0x0000000008001a6c                HAL_GPIO_Init
 .text.HAL_GPIO_ReadPin
                0x0000000008001d20       0x2e Drivers/STM32F1xx_HAL_Driver/Src/stm32f1xx_hal_gpio.o
                0x0000000008001d20                HAL_GPIO_ReadPin
 *fill*         0x0000000008001d4e        0x2 
 .text.HAL_RCC_OscConfig
                0x0000000008001d50      0x500 Drivers/STM32F1xx_HAL_Driver/Src/stm32f1xx_hal_rcc.o
                0x0000000008001d50                HAL_RCC_OscConfig
 .text.HAL_RCC_ClockConfig
                0x0000000008002250      0x1d4 Drivers/STM32F1xx_HAL_Driver/Src/stm32f1xx_hal_rcc.o
                0x0000000008002250                HAL_RCC_ClockConfig
 .text.HAL_RCC_GetSysClockFreq
                0x0000000008002424       0xc4 Drivers/STM32F1xx_HAL_Driver/Src/stm32f1xx_hal_rcc.o
                0x0000000008002424                HAL_RCC_GetSysClockFreq
 .text.HAL_RCC_GetHCLKFreq
                0x00000000080024e8       0x14 Drivers/STM32F1xx_HAL_Driver/Src/stm32f1xx_hal_rcc.o
                0x00000000080024e8                HAL_RCC_GetHCLKFreq
 .text.HAL_RCC_GetPCLK1Freq
                0x00000000080024fc       0x28 Drivers/STM32F1xx_HAL_Driver/Src/stm32f1xx_hal_rcc.o
                0x00000000080024fc                HAL_RCC_GetPCLK1Freq
 .text.HAL_RCC_GetPCLK2Freq
                0x0000000008002524       0x28 Drivers/STM32F1xx_HAL_Driver/Src/stm32f1xx_hal_rcc.o
                0x0000000008002524                HAL_RCC_GetPCLK2Freq
 .text.RCC_Delay
                0x000000000800254c       0x3c Drivers/STM32F1xx_HAL_Driver/Src/stm32f1xx_hal_rcc.o
 .text.HAL_TIM_Base_Init
                0x0000000008002588       0x9e Drivers/STM32F1xx_HAL_Driver/Src/stm32f1xx_hal_tim.o
                0x0000000008002588                HAL_TIM_Base_Init
 .text.HAL_TIM_OC_Init
                0x0000000008002626       0x9e Drivers/STM32F1xx_HAL_Driver/Src/stm32f1xx_hal_tim.o
                0x0000000008002626                HAL_TIM_OC_Init
 .text.HAL_TIM_OC_MspInit
                0x00000000080026c4       0x12 Drivers/STM32F1xx_HAL_Driver/Src/stm32f1xx_hal_tim.o
                0x00000000080026c4                HAL_TIM_OC_MspInit
 *fill*         0x00000000080026d6        0x2 
 .text.HAL_TIM_OC_Start
                0x00000000080026d8      0x144 Drivers/STM32F1xx_HAL_Driver/Src/stm32f1xx_hal_tim.o
                0x00000000080026d8                HAL_TIM_OC_Start
 .text.HAL_TIM_PWM_Init
                0x000000000800281c       0x9e Drivers/STM32F1xx_HAL_Driver/Src/stm32f1xx_hal_tim.o
                0x000000000800281c                HAL_TIM_PWM_Init
 *fill*         0x00000000080028ba        0x2 
 .text.HAL_TIM_PWM_Start
                0x00000000080028bc      0x144 Drivers/STM32F1xx_HAL_Driver/Src/stm32f1xx_hal_tim.o
                0x00000000080028bc                HAL_TIM_PWM_Start
 .text.HAL_TIM_OC_ConfigChannel
                0x0000000008002a00       0xb0 Drivers/STM32F1xx_HAL_Driver/Src/stm32f1xx_hal_tim.o
                0x0000000008002a00                HAL_TIM_OC_ConfigChannel
 .text.HAL_TIM_PWM_ConfigChannel
                0x0000000008002ab0      0x17c Drivers/STM32F1xx_HAL_Driver/Src/stm32f1xx_hal_tim.o
                0x0000000008002ab0                HAL_TIM_PWM_ConfigChannel
 .text.HAL_TIM_ConfigClockSource
                0x0000000008002c2c      0x16e Drivers/STM32F1xx_HAL_Driver/Src/stm32f1xx_hal_tim.o
                0x0000000008002c2c                HAL_TIM_ConfigClockSource
 *fill*         0x0000000008002d9a        0x2 
 .text.TIM_Base_SetConfig
                0x0000000008002d9c       0xc4 Drivers/STM32F1xx_HAL_Driver/Src/stm32f1xx_hal_tim.o
                0x0000000008002d9c                TIM_Base_SetConfig
 .text.TIM_OC1_SetConfig
                0x0000000008002e60       0xcc Drivers/STM32F1xx_HAL_Driver/Src/stm32f1xx_hal_tim.o
 .text.TIM_OC2_SetConfig
                0x0000000008002f2c       0xd4 Drivers/STM32F1xx_HAL_Driver/Src/stm32f1xx_hal_tim.o
                0x0000000008002f2c                TIM_OC2_SetConfig
 .text.TIM_OC3_SetConfig
                0x0000000008003000       0xd4 Drivers/STM32F1xx_HAL_Driver/Src/stm32f1xx_hal_tim.o
 .text.TIM_OC4_SetConfig
                0x00000000080030d4       0x9c Drivers/STM32F1xx_HAL_Driver/Src/stm32f1xx_hal_tim.o
 .text.TIM_TI1_ConfigInputStage
                0x0000000008003170       0x5c Drivers/STM32F1xx_HAL_Driver/Src/stm32f1xx_hal_tim.o
 .text.TIM_TI2_ConfigInputStage
                0x00000000080031cc       0x5e Drivers/STM32F1xx_HAL_Driver/Src/stm32f1xx_hal_tim.o
 .text.TIM_ITRx_SetConfig
                0x000000000800322a       0x34 Drivers/STM32F1xx_HAL_Driver/Src/stm32f1xx_hal_tim.o
 .text.TIM_ETR_SetConfig
                0x000000000800325e       0x3e Drivers/STM32F1xx_HAL_Driver/Src/stm32f1xx_hal_tim.o
                0x000000000800325e                TIM_ETR_SetConfig
 .text.TIM_CCxChannelCmd
                0x000000000800329c       0x48 Drivers/STM32F1xx_HAL_Driver/Src/stm32f1xx_hal_tim.o
                0x000000000800329c                TIM_CCxChannelCmd
 .text.HAL_TIMEx_MasterConfigSynchronization
                0x00000000080032e4       0xbc Drivers/STM32F1xx_HAL_Driver/Src/stm32f1xx_hal_tim_ex.o
                0x00000000080032e4                HAL_TIMEx_MasterConfigSynchronization
 .text.HAL_UART_Init
                0x00000000080033a0       0x9a Drivers/STM32F1xx_HAL_Driver/Src/stm32f1xx_hal_uart.o
                0x00000000080033a0                HAL_UART_Init
 .text.HAL_UART_Transmit
                0x000000000800343a      0x124 Drivers/STM32F1xx_HAL_Driver/Src/stm32f1xx_hal_uart.o
                0x000000000800343a                HAL_UART_Transmit
 .text.HAL_UART_Receive_DMA
                0x000000000800355e       0x60 Drivers/STM32F1xx_HAL_Driver/Src/stm32f1xx_hal_uart.o
                0x000000000800355e                HAL_UART_Receive_DMA
 .text.HAL_UART_DMAStop
                0x00000000080035be       0xb6 Drivers/STM32F1xx_HAL_Driver/Src/stm32f1xx_hal_uart.o
                0x00000000080035be                HAL_UART_DMAStop
 .text.HAL_UART_IRQHandler
                0x0000000008003674      0x358 Drivers/STM32F1xx_HAL_Driver/Src/stm32f1xx_hal_uart.o
                0x0000000008003674                HAL_UART_IRQHandler
 .text.HAL_UART_RxHalfCpltCallback
                0x00000000080039cc       0x12 Drivers/STM32F1xx_HAL_Driver/Src/stm32f1xx_hal_uart.o
                0x00000000080039cc                HAL_UART_RxHalfCpltCallback
 .text.HAL_UARTEx_RxEventCallback
                0x00000000080039de       0x16 Drivers/STM32F1xx_HAL_Driver/Src/stm32f1xx_hal_uart.o
                0x00000000080039de                HAL_UARTEx_RxEventCallback
 .text.UART_DMAReceiveCplt
                0x00000000080039f4       0x96 Drivers/STM32F1xx_HAL_Driver/Src/stm32f1xx_hal_uart.o
 .text.UART_DMARxHalfCplt
                0x0000000008003a8a       0x36 Drivers/STM32F1xx_HAL_Driver/Src/stm32f1xx_hal_uart.o
 .text.UART_DMAError
                0x0000000008003ac0       0x94 Drivers/STM32F1xx_HAL_Driver/Src/stm32f1xx_hal_uart.o
 .text.UART_WaitOnFlagUntilTimeout
                0x0000000008003b54       0x94 Drivers/STM32F1xx_HAL_Driver/Src/stm32f1xx_hal_uart.o
 .text.UART_Start_Receive_DMA
                0x0000000008003be8       0xc8 Drivers/STM32F1xx_HAL_Driver/Src/stm32f1xx_hal_uart.o
                0x0000000008003be8                UART_Start_Receive_DMA
 .text.UART_EndTxTransfer
                0x0000000008003cb0       0x2a Drivers/STM32F1xx_HAL_Driver/Src/stm32f1xx_hal_uart.o
 .text.UART_EndRxTransfer
                0x0000000008003cda       0x58 Drivers/STM32F1xx_HAL_Driver/Src/stm32f1xx_hal_uart.o
 .text.UART_DMAAbortOnError
                0x0000000008003d32       0x28 Drivers/STM32F1xx_HAL_Driver/Src/stm32f1xx_hal_uart.o
 .text.UART_Transmit_IT
                0x0000000008003d5a       0x9e Drivers/STM32F1xx_HAL_Driver/Src/stm32f1xx_hal_uart.o
 .text.UART_EndTransmit_IT
                0x0000000008003df8       0x30 Drivers/STM32F1xx_HAL_Driver/Src/stm32f1xx_hal_uart.o
 .text.UART_Receive_IT
                0x0000000008003e28      0x152 Drivers/STM32F1xx_HAL_Driver/Src/stm32f1xx_hal_uart.o
 *fill*         0x0000000008003f7a        0x2 
 .text.UART_SetConfig
                0x0000000008003f7c      0x11c Drivers/STM32F1xx_HAL_Driver/Src/stm32f1xx_hal_uart.o
 .text.__libc_init_array
                0x0000000008004098       0x48 c:/st/stm32cubeide_1.0.0/stm32cubeide/plugins/com.st.stm32cube.ide.mcu.externaltools.gnu-tools-for-stm32.7-2018-q2-update.win32_1.4.0.202007081208/tools/bin/../lib/gcc/arm-none-eabi/7.3.1/../../../../arm-none-eabi/lib/thumb/v7-m\libc_nano.a(lib_a-init.o)
                0x0000000008004098                __libc_init_array
 .text.memset   0x00000000080040e0       0x10 c:/st/stm32cubeide_1.0.0/stm32cubeide/plugins/com.st.stm32cube.ide.mcu.externaltools.gnu-tools-for-stm32.7-2018-q2-update.win32_1.4.0.202007081208/tools/bin/../lib/gcc/arm-none-eabi/7.3.1/../../../../arm-none-eabi/lib/thumb/v7-m\libc_nano.a(lib_a-memset.o)
                0x00000000080040e0                memset
 *(.glue_7)
 .glue_7        0x00000000080040f0        0x0 linker stubs
 *(.glue_7t)
 .glue_7t       0x00000000080040f0        0x0 linker stubs
 *(.eh_frame)
 .eh_frame      0x00000000080040f0        0x0 c:/st/stm32cubeide_1.0.0/stm32cubeide/plugins/com.st.stm32cube.ide.mcu.externaltools.gnu-tools-for-stm32.7-2018-q2-update.win32_1.4.0.202007081208/tools/bin/../lib/gcc/arm-none-eabi/7.3.1/thumb/v7-m/crtbegin.o
 *(.init)
 .init          0x00000000080040f0        0x4 c:/st/stm32cubeide_1.0.0/stm32cubeide/plugins/com.st.stm32cube.ide.mcu.externaltools.gnu-tools-for-stm32.7-2018-q2-update.win32_1.4.0.202007081208/tools/bin/../lib/gcc/arm-none-eabi/7.3.1/thumb/v7-m/crti.o
                0x00000000080040f0                _init
 .init          0x00000000080040f4        0x8 c:/st/stm32cubeide_1.0.0/stm32cubeide/plugins/com.st.stm32cube.ide.mcu.externaltools.gnu-tools-for-stm32.7-2018-q2-update.win32_1.4.0.202007081208/tools/bin/../lib/gcc/arm-none-eabi/7.3.1/thumb/v7-m/crtn.o
 *(.fini)
 .fini          0x00000000080040fc        0x4 c:/st/stm32cubeide_1.0.0/stm32cubeide/plugins/com.st.stm32cube.ide.mcu.externaltools.gnu-tools-for-stm32.7-2018-q2-update.win32_1.4.0.202007081208/tools/bin/../lib/gcc/arm-none-eabi/7.3.1/thumb/v7-m/crti.o
                0x00000000080040fc                _fini
 .fini          0x0000000008004100        0x8 c:/st/stm32cubeide_1.0.0/stm32cubeide/plugins/com.st.stm32cube.ide.mcu.externaltools.gnu-tools-for-stm32.7-2018-q2-update.win32_1.4.0.202007081208/tools/bin/../lib/gcc/arm-none-eabi/7.3.1/thumb/v7-m/crtn.o
                0x0000000008004108                . = ALIGN (0x4)
                0x0000000008004108                _etext = .

.vfp11_veneer   0x0000000008004108        0x0
 .vfp11_veneer  0x0000000008004108        0x0 linker stubs

.v4_bx          0x0000000008004108        0x0
 .v4_bx         0x0000000008004108        0x0 linker stubs

.iplt           0x0000000008004108        0x0
 .iplt          0x0000000008004108        0x0 c:/st/stm32cubeide_1.0.0/stm32cubeide/plugins/com.st.stm32cube.ide.mcu.externaltools.gnu-tools-for-stm32.7-2018-q2-update.win32_1.4.0.202007081208/tools/bin/../lib/gcc/arm-none-eabi/7.3.1/thumb/v7-m/crtbegin.o

.rodata         0x0000000008004108       0x40
                0x0000000008004108                . = ALIGN (0x4)
 *(.rodata)
 .rodata        0x0000000008004108       0x12 Core/Src/main.o
 *fill*         0x000000000800411a        0x2 
 .rodata        0x000000000800411c       0x12 Drivers/STM32F1xx_HAL_Driver/Src/stm32f1xx_hal_rcc.o
 *(.rodata*)
 *fill*         0x000000000800412e        0x2 
 .rodata.AHBPrescTable
                0x0000000008004130       0x10 Core/Src/system_stm32f1xx.o
                0x0000000008004130                AHBPrescTable
 .rodata.APBPrescTable
                0x0000000008004140        0x8 Core/Src/system_stm32f1xx.o
                0x0000000008004140                APBPrescTable
                0x0000000008004148                . = ALIGN (0x4)

.rel.dyn        0x0000000008004148        0x0
 .rel.iplt      0x0000000008004148        0x0 c:/st/stm32cubeide_1.0.0/stm32cubeide/plugins/com.st.stm32cube.ide.mcu.externaltools.gnu-tools-for-stm32.7-2018-q2-update.win32_1.4.0.202007081208/tools/bin/../lib/gcc/arm-none-eabi/7.3.1/thumb/v7-m/crtbegin.o

.ARM.extab      0x0000000008004148        0x0
                0x0000000008004148                . = ALIGN (0x4)
 *(.ARM.extab* .gnu.linkonce.armextab.*)
                0x0000000008004148                . = ALIGN (0x4)

.ARM            0x0000000008004148        0x0
                0x0000000008004148                . = ALIGN (0x4)
                0x0000000008004148                __exidx_start = .
 *(.ARM.exidx*)
                0x0000000008004148                __exidx_end = .
                0x0000000008004148                . = ALIGN (0x4)

.preinit_array  0x0000000008004148        0x0
                0x0000000008004148                . = ALIGN (0x4)
                0x0000000008004148                PROVIDE (__preinit_array_start = .)
 *(.preinit_array*)
                0x0000000008004148                PROVIDE (__preinit_array_end = .)
                0x0000000008004148                . = ALIGN (0x4)

.init_array     0x0000000008004148        0x4
                0x0000000008004148                . = ALIGN (0x4)
                0x0000000008004148                PROVIDE (__init_array_start = .)
 *(SORT_BY_NAME(.init_array.*))
 *(.init_array*)
 .init_array    0x0000000008004148        0x4 c:/st/stm32cubeide_1.0.0/stm32cubeide/plugins/com.st.stm32cube.ide.mcu.externaltools.gnu-tools-for-stm32.7-2018-q2-update.win32_1.4.0.202007081208/tools/bin/../lib/gcc/arm-none-eabi/7.3.1/thumb/v7-m/crtbegin.o
                0x000000000800414c                PROVIDE (__init_array_end = .)
                0x000000000800414c                . = ALIGN (0x4)

.fini_array     0x000000000800414c        0x4
                0x000000000800414c                . = ALIGN (0x4)
                [!provide]                        PROVIDE (__fini_array_start = .)
 *(SORT_BY_NAME(.fini_array.*))
 *(.fini_array*)
 .fini_array    0x000000000800414c        0x4 c:/st/stm32cubeide_1.0.0/stm32cubeide/plugins/com.st.stm32cube.ide.mcu.externaltools.gnu-tools-for-stm32.7-2018-q2-update.win32_1.4.0.202007081208/tools/bin/../lib/gcc/arm-none-eabi/7.3.1/thumb/v7-m/crtbegin.o
                [!provide]                        PROVIDE (__fini_array_end = .)
                0x0000000008004150                . = ALIGN (0x4)
                0x0000000008004150                _sidata = LOADADDR (.data)

.data           0x0000000020000000       0x10 load address 0x0000000008004150
                0x0000000020000000                . = ALIGN (0x4)
                0x0000000020000000                _sdata = .
 *(.data)
 *(.data*)
 .data.btn_flag
                0x0000000020000000        0x1 Core/Src/main.o
                0x0000000020000000                btn_flag
 *fill*         0x0000000020000001        0x3 
 .data.SystemCoreClock
                0x0000000020000004        0x4 Core/Src/system_stm32f1xx.o
                0x0000000020000004                SystemCoreClock
 .data.uwTickPrio
                0x0000000020000008        0x4 Drivers/STM32F1xx_HAL_Driver/Src/stm32f1xx_hal.o
                0x0000000020000008                uwTickPrio
 .data.uwTickFreq
                0x000000002000000c        0x1 Drivers/STM32F1xx_HAL_Driver/Src/stm32f1xx_hal.o
                0x000000002000000c                uwTickFreq
                0x0000000020000010                . = ALIGN (0x4)
 *fill*         0x000000002000000d        0x3 
                0x0000000020000010                _edata = .

.igot.plt       0x0000000020000010        0x0 load address 0x0000000008004160
 .igot.plt      0x0000000020000010        0x0 c:/st/stm32cubeide_1.0.0/stm32cubeide/plugins/com.st.stm32cube.ide.mcu.externaltools.gnu-tools-for-stm32.7-2018-q2-update.win32_1.4.0.202007081208/tools/bin/../lib/gcc/arm-none-eabi/7.3.1/thumb/v7-m/crtbegin.o
                0x0000000020000010                . = ALIGN (0x4)

.bss            0x0000000020000010     0x422c load address 0x0000000008004160
                0x0000000020000010                _sbss = .
                0x0000000020000010                __bss_start__ = _sbss
 *(.bss)
 .bss           0x0000000020000010       0x1c c:/st/stm32cubeide_1.0.0/stm32cubeide/plugins/com.st.stm32cube.ide.mcu.externaltools.gnu-tools-for-stm32.7-2018-q2-update.win32_1.4.0.202007081208/tools/bin/../lib/gcc/arm-none-eabi/7.3.1/thumb/v7-m/crtbegin.o
 *(.bss*)
 .bss.fp        0x000000002000002c        0x1 Core/Src/main.o
                0x000000002000002c                fp
 *fill*         0x000000002000002d        0x3 
 .bss.NumOfBLOCK
                0x0000000020000030        0x4 Core/Src/main.o
                0x0000000020000030                NumOfBLOCK
 .bss.EndOffle_flag
                0x0000000020000034        0x1 Core/Src/main.o
                0x0000000020000034                EndOffle_flag
 *(COMMON)
 *fill*         0x0000000020000035        0x3 
 COMMON         0x0000000020000038     0x41fe Core/Src/main.o
                0x0000000020000038                hdma_tim4_ch2
                0x000000002000007c                Right
                0x000000002000107c                htim4
                0x00000000200010c4                Left
                0x00000000200020c4                hdma_usart1_rx
                0x0000000020002108                huart1
                0x000000002000214c                headerInfo
                0x000000002000217c                Wave
                0x000000002000417c                htim2
                0x00000000200041c4                hdma_tim4_ch1
                0x0000000020004208                WaveHeaderbuff
 *fill*         0x0000000020004236        0x2 
 COMMON         0x0000000020004238        0x4 Drivers/STM32F1xx_HAL_Driver/Src/stm32f1xx_hal.o
                0x0000000020004238                uwTick
                0x000000002000423c                . = ALIGN (0x4)
                0x000000002000423c                _ebss = .
                0x000000002000423c                __bss_end__ = _ebss

._user_heap_stack
                0x000000002000423c      0x604 load address 0x0000000008004160
                0x0000000020004240                . = ALIGN (0x8)
 *fill*         0x000000002000423c        0x4 
                [!provide]                        PROVIDE (end = .)
                0x0000000020004240                PROVIDE (_end = .)
                0x0000000020004440                . = (. + _Min_Heap_Size)
 *fill*         0x0000000020004240      0x200 
                0x0000000020004840                . = (. + _Min_Stack_Size)
 *fill*         0x0000000020004440      0x400 
                0x0000000020004840                . = ALIGN (0x8)

/DISCARD/
 libc.a(*)
 libm.a(*)
 libgcc.a(*)

.ARM.attributes
                0x0000000000000000       0x29
 *(.ARM.attributes)
 .ARM.attributes
                0x0000000000000000       0x1d c:/st/stm32cubeide_1.0.0/stm32cubeide/plugins/com.st.stm32cube.ide.mcu.externaltools.gnu-tools-for-stm32.7-2018-q2-update.win32_1.4.0.202007081208/tools/bin/../lib/gcc/arm-none-eabi/7.3.1/thumb/v7-m/crti.o
 .ARM.attributes
                0x000000000000001d       0x2d c:/st/stm32cubeide_1.0.0/stm32cubeide/plugins/com.st.stm32cube.ide.mcu.externaltools.gnu-tools-for-stm32.7-2018-q2-update.win32_1.4.0.202007081208/tools/bin/../lib/gcc/arm-none-eabi/7.3.1/thumb/v7-m/crtbegin.o
 .ARM.attributes
                0x000000000000004a       0x33 Core/Src/main.o
 .ARM.attributes
                0x000000000000007d       0x33 Core/Src/stm32f1xx_hal_msp.o
 .ARM.attributes
                0x00000000000000b0       0x33 Core/Src/stm32f1xx_it.o
 .ARM.attributes
                0x00000000000000e3       0x33 Core/Src/system_stm32f1xx.o
 .ARM.attributes
                0x0000000000000116       0x33 Core/Src/task.o
 .ARM.attributes
                0x0000000000000149       0x21 Core/Startup/startup_stm32f103c8tx.o
 .ARM.attributes
                0x000000000000016a       0x33 Drivers/STM32F1xx_HAL_Driver/Src/stm32f1xx_hal.o
 .ARM.attributes
                0x000000000000019d       0x33 Drivers/STM32F1xx_HAL_Driver/Src/stm32f1xx_hal_cortex.o
 .ARM.attributes
                0x00000000000001d0       0x33 Drivers/STM32F1xx_HAL_Driver/Src/stm32f1xx_hal_dma.o
 .ARM.attributes
                0x0000000000000203       0x33 Drivers/STM32F1xx_HAL_Driver/Src/stm32f1xx_hal_gpio.o
 .ARM.attributes
                0x0000000000000236       0x33 Drivers/STM32F1xx_HAL_Driver/Src/stm32f1xx_hal_rcc.o
 .ARM.attributes
                0x0000000000000269       0x33 Drivers/STM32F1xx_HAL_Driver/Src/stm32f1xx_hal_tim.o
 .ARM.attributes
                0x000000000000029c       0x33 Drivers/STM32F1xx_HAL_Driver/Src/stm32f1xx_hal_tim_ex.o
 .ARM.attributes
                0x00000000000002cf       0x33 Drivers/STM32F1xx_HAL_Driver/Src/stm32f1xx_hal_uart.o
 .ARM.attributes
                0x0000000000000302       0x2d c:/st/stm32cubeide_1.0.0/stm32cubeide/plugins/com.st.stm32cube.ide.mcu.externaltools.gnu-tools-for-stm32.7-2018-q2-update.win32_1.4.0.202007081208/tools/bin/../lib/gcc/arm-none-eabi/7.3.1/../../../../arm-none-eabi/lib/thumb/v7-m\libc_nano.a(lib_a-init.o)
 .ARM.attributes
                0x000000000000032f       0x2d c:/st/stm32cubeide_1.0.0/stm32cubeide/plugins/com.st.stm32cube.ide.mcu.externaltools.gnu-tools-for-stm32.7-2018-q2-update.win32_1.4.0.202007081208/tools/bin/../lib/gcc/arm-none-eabi/7.3.1/../../../../arm-none-eabi/lib/thumb/v7-m\libc_nano.a(lib_a-memset.o)
 .ARM.attributes
                0x000000000000035c       0x1d c:/st/stm32cubeide_1.0.0/stm32cubeide/plugins/com.st.stm32cube.ide.mcu.externaltools.gnu-tools-for-stm32.7-2018-q2-update.win32_1.4.0.202007081208/tools/bin/../lib/gcc/arm-none-eabi/7.3.1/thumb/v7-m/crtn.o
OUTPUT(Audio Signal PWM stereo.elf elf32-littlearm)

.debug_info     0x0000000000000000     0xace8
 .debug_info    0x0000000000000000     0x12c7 Core/Src/main.o
 .debug_info    0x00000000000012c7      0xe01 Core/Src/stm32f1xx_hal_msp.o
 .debug_info    0x00000000000020c8      0x6ad Core/Src/stm32f1xx_it.o
 .debug_info    0x0000000000002775      0x29a Core/Src/system_stm32f1xx.o
 .debug_info    0x0000000000002a0f      0x96f Core/Src/task.o
 .debug_info    0x000000000000337e       0x22 Core/Startup/startup_stm32f103c8tx.o
 .debug_info    0x00000000000033a0      0x714 Drivers/STM32F1xx_HAL_Driver/Src/stm32f1xx_hal.o
 .debug_info    0x0000000000003ab4      0xb51 Drivers/STM32F1xx_HAL_Driver/Src/stm32f1xx_hal_cortex.o
 .debug_info    0x0000000000004605      0x7b1 Drivers/STM32F1xx_HAL_Driver/Src/stm32f1xx_hal_dma.o
 .debug_info    0x0000000000004db6      0x69b Drivers/STM32F1xx_HAL_Driver/Src/stm32f1xx_hal_gpio.o
 .debug_info    0x0000000000005451      0x80f Drivers/STM32F1xx_HAL_Driver/Src/stm32f1xx_hal_rcc.o
 .debug_info    0x0000000000005c60     0x27f1 Drivers/STM32F1xx_HAL_Driver/Src/stm32f1xx_hal_tim.o
 .debug_info    0x0000000000008451     0x13ab Drivers/STM32F1xx_HAL_Driver/Src/stm32f1xx_hal_tim_ex.o
 .debug_info    0x00000000000097fc     0x14ec Drivers/STM32F1xx_HAL_Driver/Src/stm32f1xx_hal_uart.o

.debug_abbrev   0x0000000000000000     0x1a14
 .debug_abbrev  0x0000000000000000      0x2c2 Core/Src/main.o
 .debug_abbrev  0x00000000000002c2      0x1f8 Core/Src/stm32f1xx_hal_msp.o
 .debug_abbrev  0x00000000000004ba      0x149 Core/Src/stm32f1xx_it.o
 .debug_abbrev  0x0000000000000603      0x134 Core/Src/system_stm32f1xx.o
 .debug_abbrev  0x0000000000000737      0x16b Core/Src/task.o
 .debug_abbrev  0x00000000000008a2       0x12 Core/Startup/startup_stm32f103c8tx.o
 .debug_abbrev  0x00000000000008b4      0x1c7 Drivers/STM32F1xx_HAL_Driver/Src/stm32f1xx_hal.o
 .debug_abbrev  0x0000000000000a7b      0x2d5 Drivers/STM32F1xx_HAL_Driver/Src/stm32f1xx_hal_cortex.o
 .debug_abbrev  0x0000000000000d50      0x1fe Drivers/STM32F1xx_HAL_Driver/Src/stm32f1xx_hal_dma.o
 .debug_abbrev  0x0000000000000f4e      0x1c0 Drivers/STM32F1xx_HAL_Driver/Src/stm32f1xx_hal_gpio.o
 .debug_abbrev  0x000000000000110e      0x243 Drivers/STM32F1xx_HAL_Driver/Src/stm32f1xx_hal_rcc.o
 .debug_abbrev  0x0000000000001351      0x230 Drivers/STM32F1xx_HAL_Driver/Src/stm32f1xx_hal_tim.o
 .debug_abbrev  0x0000000000001581      0x236 Drivers/STM32F1xx_HAL_Driver/Src/stm32f1xx_hal_tim_ex.o
 .debug_abbrev  0x00000000000017b7      0x25d Drivers/STM32F1xx_HAL_Driver/Src/stm32f1xx_hal_uart.o

.debug_aranges  0x0000000000000000      0xc88
 .debug_aranges
                0x0000000000000000       0xa8 Core/Src/main.o
 .debug_aranges
                0x00000000000000a8       0x58 Core/Src/stm32f1xx_hal_msp.o
 .debug_aranges
                0x0000000000000100       0x80 Core/Src/stm32f1xx_it.o
 .debug_aranges
                0x0000000000000180       0x28 Core/Src/system_stm32f1xx.o
 .debug_aranges
                0x00000000000001a8       0x38 Core/Src/task.o
 .debug_aranges
                0x00000000000001e0       0x28 Core/Startup/startup_stm32f103c8tx.o
 .debug_aranges
                0x0000000000000208       0xe0 Drivers/STM32F1xx_HAL_Driver/Src/stm32f1xx_hal.o
 .debug_aranges
                0x00000000000002e8      0x100 Drivers/STM32F1xx_HAL_Driver/Src/stm32f1xx_hal_cortex.o
 .debug_aranges
                0x00000000000003e8       0x80 Drivers/STM32F1xx_HAL_Driver/Src/stm32f1xx_hal_dma.o
 .debug_aranges
                0x0000000000000468       0x58 Drivers/STM32F1xx_HAL_Driver/Src/stm32f1xx_hal_gpio.o
 .debug_aranges
                0x00000000000004c0       0x90 Drivers/STM32F1xx_HAL_Driver/Src/stm32f1xx_hal_rcc.o
 .debug_aranges
                0x0000000000000550      0x3d0 Drivers/STM32F1xx_HAL_Driver/Src/stm32f1xx_hal_tim.o
 .debug_aranges
                0x0000000000000920      0x168 Drivers/STM32F1xx_HAL_Driver/Src/stm32f1xx_hal_tim_ex.o
 .debug_aranges
                0x0000000000000a88      0x200 Drivers/STM32F1xx_HAL_Driver/Src/stm32f1xx_hal_uart.o

.debug_ranges   0x0000000000000000      0xbe0
 .debug_ranges  0x0000000000000000       0x98 Core/Src/main.o
 .debug_ranges  0x0000000000000098       0x48 Core/Src/stm32f1xx_hal_msp.o
 .debug_ranges  0x00000000000000e0       0x70 Core/Src/stm32f1xx_it.o
 .debug_ranges  0x0000000000000150       0x18 Core/Src/system_stm32f1xx.o
 .debug_ranges  0x0000000000000168       0x28 Core/Src/task.o
 .debug_ranges  0x0000000000000190       0x20 Core/Startup/startup_stm32f103c8tx.o
 .debug_ranges  0x00000000000001b0       0xd0 Drivers/STM32F1xx_HAL_Driver/Src/stm32f1xx_hal.o
 .debug_ranges  0x0000000000000280       0xf0 Drivers/STM32F1xx_HAL_Driver/Src/stm32f1xx_hal_cortex.o
 .debug_ranges  0x0000000000000370       0x70 Drivers/STM32F1xx_HAL_Driver/Src/stm32f1xx_hal_dma.o
 .debug_ranges  0x00000000000003e0       0x48 Drivers/STM32F1xx_HAL_Driver/Src/stm32f1xx_hal_gpio.o
 .debug_ranges  0x0000000000000428       0x80 Drivers/STM32F1xx_HAL_Driver/Src/stm32f1xx_hal_rcc.o
 .debug_ranges  0x00000000000004a8      0x3c0 Drivers/STM32F1xx_HAL_Driver/Src/stm32f1xx_hal_tim.o
 .debug_ranges  0x0000000000000868      0x158 Drivers/STM32F1xx_HAL_Driver/Src/stm32f1xx_hal_tim_ex.o
 .debug_ranges  0x00000000000009c0      0x220 Drivers/STM32F1xx_HAL_Driver/Src/stm32f1xx_hal_uart.o

.debug_macro    0x0000000000000000    0x16d6e
 .debug_macro   0x0000000000000000      0x1b8 Core/Src/main.o
 .debug_macro   0x00000000000001b8      0xa5a Core/Src/main.o
 .debug_macro   0x0000000000000c12      0x221 Core/Src/main.o
 .debug_macro   0x0000000000000e33       0x2e Core/Src/main.o
 .debug_macro   0x0000000000000e61       0x22 Core/Src/main.o
 .debug_macro   0x0000000000000e83       0x22 Core/Src/main.o
 .debug_macro   0x0000000000000ea5       0x8e Core/Src/main.o
 .debug_macro   0x0000000000000f33       0x51 Core/Src/main.o
 .debug_macro   0x0000000000000f84       0xef Core/Src/main.o
 .debug_macro   0x0000000000001073       0x6a Core/Src/main.o
 .debug_macro   0x00000000000010dd      0x1df Core/Src/main.o
 .debug_macro   0x00000000000012bc       0x1c Core/Src/main.o
 .debug_macro   0x00000000000012d8       0x22 Core/Src/main.o
 .debug_macro   0x00000000000012fa       0xc3 Core/Src/main.o
 .debug_macro   0x00000000000013bd      0xd23 Core/Src/main.o
 .debug_macro   0x00000000000020e0     0xe09e Core/Src/main.o
 .debug_macro   0x000000000001017e       0x6d Core/Src/main.o
 .debug_macro   0x00000000000101eb     0x3468 Core/Src/main.o
 .debug_macro   0x0000000000013653      0x174 Core/Src/main.o
 .debug_macro   0x00000000000137c7       0x5c Core/Src/main.o
 .debug_macro   0x0000000000013823      0x5be Core/Src/main.o
 .debug_macro   0x0000000000013de1      0x289 Core/Src/main.o
 .debug_macro   0x000000000001406a      0x1cb Core/Src/main.o
 .debug_macro   0x0000000000014235      0x114 Core/Src/main.o
 .debug_macro   0x0000000000014349      0x1b2 Core/Src/main.o
 .debug_macro   0x00000000000144fb       0x27 Core/Src/main.o
 .debug_macro   0x0000000000014522      0x136 Core/Src/main.o
 .debug_macro   0x0000000000014658      0x1bc Core/Src/main.o
 .debug_macro   0x0000000000014814       0x34 Core/Src/main.o
 .debug_macro   0x0000000000014848       0x3c Core/Src/main.o
 .debug_macro   0x0000000000014884       0x57 Core/Src/main.o
 .debug_macro   0x00000000000148db       0x88 Core/Src/main.o
 .debug_macro   0x0000000000014963      0x241 Core/Src/main.o
 .debug_macro   0x0000000000014ba4      0x141 Core/Src/main.o
 .debug_macro   0x0000000000014ce5      0x8d1 Core/Src/main.o
 .debug_macro   0x00000000000155b6      0x279 Core/Src/main.o
 .debug_macro   0x000000000001582f       0x83 Core/Src/main.o
 .debug_macro   0x00000000000158b2       0x34 Core/Src/main.o
 .debug_macro   0x00000000000158e6      0x1b2 Core/Src/stm32f1xx_hal_msp.o
 .debug_macro   0x0000000000015a98      0x1bc Core/Src/stm32f1xx_it.o
 .debug_macro   0x0000000000015c54      0x1a3 Core/Src/system_stm32f1xx.o
 .debug_macro   0x0000000000015df7      0x1bc Core/Src/task.o
 .debug_macro   0x0000000000015fb3      0x1c7 Drivers/STM32F1xx_HAL_Driver/Src/stm32f1xx_hal.o
 .debug_macro   0x000000000001617a      0x1a3 Drivers/STM32F1xx_HAL_Driver/Src/stm32f1xx_hal_cortex.o
 .debug_macro   0x000000000001631d      0x1a3 Drivers/STM32F1xx_HAL_Driver/Src/stm32f1xx_hal_dma.o
 .debug_macro   0x00000000000164c0      0x20e Drivers/STM32F1xx_HAL_Driver/Src/stm32f1xx_hal_gpio.o
 .debug_macro   0x00000000000166ce      0x1b5 Drivers/STM32F1xx_HAL_Driver/Src/stm32f1xx_hal_rcc.o
 .debug_macro   0x0000000000016883      0x1a4 Drivers/STM32F1xx_HAL_Driver/Src/stm32f1xx_hal_tim.o
 .debug_macro   0x0000000000016a27      0x1a3 Drivers/STM32F1xx_HAL_Driver/Src/stm32f1xx_hal_tim_ex.o
 .debug_macro   0x0000000000016bca      0x1a4 Drivers/STM32F1xx_HAL_Driver/Src/stm32f1xx_hal_uart.o

.debug_line     0x0000000000000000     0x94af
 .debug_line    0x0000000000000000      0x90a Core/Src/main.o
 .debug_line    0x000000000000090a      0x733 Core/Src/stm32f1xx_hal_msp.o
 .debug_line    0x000000000000103d      0x763 Core/Src/stm32f1xx_it.o
 .debug_line    0x00000000000017a0      0x69f Core/Src/system_stm32f1xx.o
 .debug_line    0x0000000000001e3f      0x6a3 Core/Src/task.o
 .debug_line    0x00000000000024e2       0x87 Core/Startup/startup_stm32f103c8tx.o
 .debug_line    0x0000000000002569      0x852 Drivers/STM32F1xx_HAL_Driver/Src/stm32f1xx_hal.o
 .debug_line    0x0000000000002dbb      0x929 Drivers/STM32F1xx_HAL_Driver/Src/stm32f1xx_hal_cortex.o
 .debug_line    0x00000000000036e4      0xab7 Drivers/STM32F1xx_HAL_Driver/Src/stm32f1xx_hal_dma.o
 .debug_line    0x000000000000419b      0x84e Drivers/STM32F1xx_HAL_Driver/Src/stm32f1xx_hal_gpio.o
 .debug_line    0x00000000000049e9      0x912 Drivers/STM32F1xx_HAL_Driver/Src/stm32f1xx_hal_rcc.o
 .debug_line    0x00000000000052fb     0x1fab Drivers/STM32F1xx_HAL_Driver/Src/stm32f1xx_hal_tim.o
 .debug_line    0x00000000000072a6     0x1147 Drivers/STM32F1xx_HAL_Driver/Src/stm32f1xx_hal_tim_ex.o
 .debug_line    0x00000000000083ed     0x10c2 Drivers/STM32F1xx_HAL_Driver/Src/stm32f1xx_hal_uart.o

.debug_str      0x0000000000000000    0x8663f
 .debug_str     0x0000000000000000    0x83e13 Core/Src/main.o
                                      0x84296 (size before relaxing)
 .debug_str     0x0000000000083e13      0x106 Core/Src/stm32f1xx_hal_msp.o
                                      0x83f0d (size before relaxing)
 .debug_str     0x0000000000083f19      0x11a Core/Src/stm32f1xx_it.o
                                      0x838c7 (size before relaxing)
 .debug_str     0x0000000000084033       0x52 Core/Src/system_stm32f1xx.o
                                      0x8339c (size before relaxing)
 .debug_str     0x0000000000084085       0x88 Core/Src/task.o
                                      0x83b00 (size before relaxing)
 .debug_str     0x000000000008410d       0x36 Core/Startup/startup_stm32f103c8tx.o
                                         0x75 (size before relaxing)
 .debug_str     0x0000000000084143      0x304 Drivers/STM32F1xx_HAL_Driver/Src/stm32f1xx_hal.o
                                      0x83a2d (size before relaxing)
 .debug_str     0x0000000000084447      0x300 Drivers/STM32F1xx_HAL_Driver/Src/stm32f1xx_hal_cortex.o
                                      0x83a35 (size before relaxing)
 .debug_str     0x0000000000084747      0x1b8 Drivers/STM32F1xx_HAL_Driver/Src/stm32f1xx_hal_dma.o
                                      0x83777 (size before relaxing)
 .debug_str     0x00000000000848ff      0x31f Drivers/STM32F1xx_HAL_Driver/Src/stm32f1xx_hal_gpio.o
                                      0x83760 (size before relaxing)
 .debug_str     0x0000000000084c1e      0x24f Drivers/STM32F1xx_HAL_Driver/Src/stm32f1xx_hal_rcc.o
                                      0x83799 (size before relaxing)
 .debug_str     0x0000000000084e6d      0xd3e Drivers/STM32F1xx_HAL_Driver/Src/stm32f1xx_hal_tim.o
                                      0x8476b (size before relaxing)
 .debug_str     0x0000000000085bab      0x4ee Drivers/STM32F1xx_HAL_Driver/Src/stm32f1xx_hal_tim_ex.o
                                      0x83f1c (size before relaxing)
 .debug_str     0x0000000000086099      0x5a6 Drivers/STM32F1xx_HAL_Driver/Src/stm32f1xx_hal_uart.o
                                      0x83d8b (size before relaxing)

.comment        0x0000000000000000       0x7b
 .comment       0x0000000000000000       0x7b Core/Src/main.o
                                         0x7c (size before relaxing)
 .comment       0x000000000000007b       0x7c Core/Src/stm32f1xx_hal_msp.o
 .comment       0x000000000000007b       0x7c Core/Src/stm32f1xx_it.o
 .comment       0x000000000000007b       0x7c Core/Src/system_stm32f1xx.o
 .comment       0x000000000000007b       0x7c Core/Src/task.o
 .comment       0x000000000000007b       0x7c Drivers/STM32F1xx_HAL_Driver/Src/stm32f1xx_hal.o
 .comment       0x000000000000007b       0x7c Drivers/STM32F1xx_HAL_Driver/Src/stm32f1xx_hal_cortex.o
 .comment       0x000000000000007b       0x7c Drivers/STM32F1xx_HAL_Driver/Src/stm32f1xx_hal_dma.o
 .comment       0x000000000000007b       0x7c Drivers/STM32F1xx_HAL_Driver/Src/stm32f1xx_hal_gpio.o
 .comment       0x000000000000007b       0x7c Drivers/STM32F1xx_HAL_Driver/Src/stm32f1xx_hal_rcc.o
 .comment       0x000000000000007b       0x7c Drivers/STM32F1xx_HAL_Driver/Src/stm32f1xx_hal_tim.o
 .comment       0x000000000000007b       0x7c Drivers/STM32F1xx_HAL_Driver/Src/stm32f1xx_hal_tim_ex.o
 .comment       0x000000000000007b       0x7c Drivers/STM32F1xx_HAL_Driver/Src/stm32f1xx_hal_uart.o

.debug_frame    0x0000000000000000     0x3460
 .debug_frame   0x0000000000000000      0x284 Core/Src/main.o
 .debug_frame   0x0000000000000284      0x13c Core/Src/stm32f1xx_hal_msp.o
 .debug_frame   0x00000000000003c0      0x17c Core/Src/stm32f1xx_it.o
 .debug_frame   0x000000000000053c       0x58 Core/Src/system_stm32f1xx.o
 .debug_frame   0x0000000000000594       0xb0 Core/Src/task.o
 .debug_frame   0x0000000000000644      0x334 Drivers/STM32F1xx_HAL_Driver/Src/stm32f1xx_hal.o
 .debug_frame   0x0000000000000978      0x428 Drivers/STM32F1xx_HAL_Driver/Src/stm32f1xx_hal_cortex.o
 .debug_frame   0x0000000000000da0      0x208 Drivers/STM32F1xx_HAL_Driver/Src/stm32f1xx_hal_dma.o
 .debug_frame   0x0000000000000fa8      0x14c Drivers/STM32F1xx_HAL_Driver/Src/stm32f1xx_hal_gpio.o
 .debug_frame   0x00000000000010f4      0x21c Drivers/STM32F1xx_HAL_Driver/Src/stm32f1xx_hal_rcc.o
 .debug_frame   0x0000000000001310     0x11b8 Drivers/STM32F1xx_HAL_Driver/Src/stm32f1xx_hal_tim.o
 .debug_frame   0x00000000000024c8      0x638 Drivers/STM32F1xx_HAL_Driver/Src/stm32f1xx_hal_tim_ex.o
 .debug_frame   0x0000000000002b00      0x914 Drivers/STM32F1xx_HAL_Driver/Src/stm32f1xx_hal_uart.o
 .debug_frame   0x0000000000003414       0x2c c:/st/stm32cubeide_1.0.0/stm32cubeide/plugins/com.st.stm32cube.ide.mcu.externaltools.gnu-tools-for-stm32.7-2018-q2-update.win32_1.4.0.202007081208/tools/bin/../lib/gcc/arm-none-eabi/7.3.1/../../../../arm-none-eabi/lib/thumb/v7-m\libc_nano.a(lib_a-init.o)
 .debug_frame   0x0000000000003440       0x20 c:/st/stm32cubeide_1.0.0/stm32cubeide/plugins/com.st.stm32cube.ide.mcu.externaltools.gnu-tools-for-stm32.7-2018-q2-update.win32_1.4.0.202007081208/tools/bin/../lib/gcc/arm-none-eabi/7.3.1/../../../../arm-none-eabi/lib/thumb/v7-m\libc_nano.a(lib_a-memset.o)
