main.c:153:6:MyEvent1	32	static
main.c:186:6:MyEvent2	16	static
main.c:191:6:MyEvent3	24	static
main.c:201:6:Stop	8	static
main.c:218:6:play	8	static
main.c:288:6:pause	8	static
main.c:297:6:Next	16	static
main.c:317:6:Preview	16	static
main.c:337:6:clearBuff	16	static
main.c:343:6:GetHeaderInfo	16	static
main.c:371:5:main	8	static
main.c:503:6:SystemClock_Config	72	static
main.c:542:13:MX_TIM2_Init	48	static
main.c:595:13:MX_TIM4_Init	64	static
main.c:657:13:MX_USART1_UART_Init	8	static
main.c:688:13:MX_DMA_Init	16	static
main.c:712:13:MX_GPIO_Init	40	static
main.c:743:6:Error_Handler	4	static
